ret > ExitSuccess
out > Proving the conjecture in /tmp/test/Succeed/NonConjectures/TrivialTheorem/20-foo.fof
out > E---2.2 proved the conjecture
out >
