ret > ExitSuccess
out > Created /tmp/test/Succeed/NonConjectures/TrivialTheorem/20-foo.fof
out >
