ret > ExitSuccess
out > Proving the conjecture in /tmp/test/Succeed/NonConjectures/NoTheorem/17-foo.fof
out > E 1.9.1-001 Sungma *did not* prove the conjecture
out > the ATP(s) did not prove the conjecture in /tmp/test/Succeed/NonConjectures/NoTheorem/17-foo.fof
out >
