ret > ExitFailure 1
err > apia: use the ‘--schematic-propositional-symbols’ option for the translation of first-order logic universal quantified propositional symbols
err >
