ret > ExitFailure 1
err > apia: option ‘--verbose’ requires an argument of the form x.y.z:N or N
err >
