ret > ExitFailure 1
err > apia: at least you need to specify one ATP
err >
