ret > ExitFailure 1
out > Proving the conjecture in /tmp/test/Fail/Errors//Issue82/17-foo.fof
out >
err > apia: the ‘xxx’ command associated with E does not exist
err >
