ret > ExitFailure 1
err > apia: missing input file (try --help)
err >
