ret > ExitFailure 1
err > apia: option `--include-path' requires an argument DIR
err >
