ret > ExitFailure 1
err > apia: option ‘--time’ requires a non-negative integer argument
err >
