ret > ExitFailure 1
err > apia: the file /tmp/NoFile.agda does not exist
err >
