ret > ExitFailure 1
err > apia: the translation of ‘OnlyOneClause._+_’ failed because its definition only can have a clause
err >
