ret > ExitFailure 1
err > apia: only one input file allowed
err >
