ret > ExitFailure 1
err > apia: use the ‘--schematic-propositional-functions’ option for the translation of first-order logic universal quantified propositional functions
err >
