ret > ExitFailure 1
err > apia: unrecognized option `--xxx'
err >
