ret > ExitSuccess
out > Proving the conjecture in /tmp/succeed/non-conjectures/TrivialTheorem/20-foo.fof
out > E---2.1 proved the conjecture
out >
