ret > ExitSuccess
out > Created /tmp/test/succeed/non-conjectures/TrivialTheorem/20-foo.fof
out >
